// Jest Snapshot v1, https://goo.gl/fbAQLP

exports[`expect to render Card compoent - Snapshot 1`] = `ShallowWrapper {}`;
