// Jest Snapshot v1, https://goo.gl/fbAQLP

exports[`expect to render CardList compoent - Snapshot 1`] = `ShallowWrapper {}`;
